// Jest Snapshot v1, https://goo.gl/fbAQLP

exports[`Info component renders 1`] = `
ShallowWrapper {
  Symbol(enzyme.__root__): [Circular],
  Symbol(enzyme.__unrendered__): <Info
    info={
        Object {
            "abilities": Array [
              "Static",
              "Lightning Rod",
            ],
            "heightm": 0.4,
            "num": 25,
            "species": "pikachu",
            "types": Array [
              "Electric",
            ],
            "weight": 6,
          }
    }
/>,
  Symbol(enzyme.__renderer__): Object {
    "batchedUpdates": [Function],
    "getNode": [Function],
    "render": [Function],
    "simulateError": [Function],
    "simulateEvent": [Function],
    "unmount": [Function],
  },
  Symbol(enzyme.__node__): Object {
    "instance": null,
    "key": undefined,
    "nodeType": "host",
    "props": Object {
      "children": Array [
        <div>
           
          pikachu [#25] (Electric)
           
</div>,
        <div>
          Weight: 
           kg, Height: 
          0.4
           m
</div>,
        <div>
           Abilities: 
          Static, Lightning Rod
           
</div>,
        <Stats
          baseStats={undefined}
/>,
      ],
      "className": "PokemonSprite-container",
    },
    "ref": null,
    "rendered": Array [
      Object {
        "instance": null,
        "key": undefined,
        "nodeType": "host",
        "props": Object {
          "children": Array [
            " ",
            "pikachu [#25] (Electric)",
            " ",
          ],
        },
        "ref": null,
        "rendered": Array [
          " ",
          "pikachu [#25] (Electric)",
          " ",
        ],
        "type": "div",
      },
      Object {
        "instance": null,
        "key": undefined,
        "nodeType": "host",
        "props": Object {
          "children": Array [
            "Weight: ",
            undefined,
            " kg, Height: ",
            0.4,
            " m",
          ],
        },
        "ref": null,
        "rendered": Array [
          "Weight: ",
          undefined,
          " kg, Height: ",
          0.4,
          " m",
        ],
        "type": "div",
      },
      Object {
        "instance": null,
        "key": undefined,
        "nodeType": "host",
        "props": Object {
          "children": Array [
            " Abilities: ",
            "Static, Lightning Rod",
            " ",
          ],
        },
        "ref": null,
        "rendered": Array [
          " Abilities: ",
          "Static, Lightning Rod",
          " ",
        ],
        "type": "div",
      },
      Object {
        "instance": null,
        "key": undefined,
        "nodeType": "function",
        "props": Object {
          "baseStats": undefined,
        },
        "ref": null,
        "rendered": null,
        "type": [Function],
      },
    ],
    "type": "div",
  },
  Symbol(enzyme.__nodes__): Array [
    Object {
      "instance": null,
      "key": undefined,
      "nodeType": "host",
      "props": Object {
        "children": Array [
          <div>
             
            pikachu [#25] (Electric)
             
</div>,
          <div>
            Weight: 
             kg, Height: 
            0.4
             m
</div>,
          <div>
             Abilities: 
            Static, Lightning Rod
             
</div>,
          <Stats
            baseStats={undefined}
/>,
        ],
        "className": "PokemonSprite-container",
      },
      "ref": null,
      "rendered": Array [
        Object {
          "instance": null,
          "key": undefined,
          "nodeType": "host",
          "props": Object {
            "children": Array [
              " ",
              "pikachu [#25] (Electric)",
              " ",
            ],
          },
          "ref": null,
          "rendered": Array [
            " ",
            "pikachu [#25] (Electric)",
            " ",
          ],
          "type": "div",
        },
        Object {
          "instance": null,
          "key": undefined,
          "nodeType": "host",
          "props": Object {
            "children": Array [
              "Weight: ",
              undefined,
              " kg, Height: ",
              0.4,
              " m",
            ],
          },
          "ref": null,
          "rendered": Array [
            "Weight: ",
            undefined,
            " kg, Height: ",
            0.4,
            " m",
          ],
          "type": "div",
        },
        Object {
          "instance": null,
          "key": undefined,
          "nodeType": "host",
          "props": Object {
            "children": Array [
              " Abilities: ",
              "Static, Lightning Rod",
              " ",
            ],
          },
          "ref": null,
          "rendered": Array [
            " Abilities: ",
            "Static, Lightning Rod",
            " ",
          ],
          "type": "div",
        },
        Object {
          "instance": null,
          "key": undefined,
          "nodeType": "function",
          "props": Object {
            "baseStats": undefined,
          },
          "ref": null,
          "rendered": null,
          "type": [Function],
        },
      ],
      "type": "div",
    },
  ],
  Symbol(enzyme.__options__): Object {
    "adapter": ReactSixteenAdapter {
      "options": Object {
        "enableComponentDidUpdateOnSetState": true,
        "lifecycles": Object {
          "componentDidUpdate": Object {
            "onSetState": true,
          },
          "getDerivedStateFromProps": true,
          "getSnapshotBeforeUpdate": true,
          "setState": Object {
            "skipsComponentDidUpdateOnNullish": true,
          },
        },
      },
    },
    "attachTo": undefined,
    "hydrateIn": undefined,
  },
}
`;
