// Jest Snapshot v1, https://goo.gl/fbAQLP

exports[`PokemonSprite renders 1`] = `
ShallowWrapper {
  Symbol(enzyme.__root__): [Circular],
  Symbol(enzyme.__unrendered__): <PokemonSprite
    pokemon="pikachu"
/>,
  Symbol(enzyme.__renderer__): Object {
    "batchedUpdates": [Function],
    "getNode": [Function],
    "render": [Function],
    "simulateError": [Function],
    "simulateEvent": [Function],
    "unmount": [Function],
  },
  Symbol(enzyme.__node__): Object {
    "instance": null,
    "key": undefined,
    "nodeType": "class",
    "props": Object {
      "animateFill": true,
      "animation": "shift",
      "arrow": true,
      "arrowSize": "big",
      "children": <PokeSprite
        alt="pikachu"
        className="pokemons"
        pokemon="pikachu"
/>,
      "className": "",
      "delay": 0,
      "disabled": false,
      "distance": 10,
      "duration": 375,
      "followCursor": false,
      "hideDelay": 0,
      "hideDuration": 375,
      "hideOnClick": true,
      "html": <Info
        info={undefined}
/>,
      "inertia": false,
      "interactive": true,
      "interactiveBorder": 2,
      "multiple": false,
      "offset": 0,
      "onHidden": [Function],
      "onHide": [Function],
      "onRequestClose": [Function],
      "onShow": [Function],
      "onShown": [Function],
      "popperOptions": Object {},
      "position": "bottom",
      "size": "regular",
      "sticky": false,
      "stickyDuration": 200,
      "style": Object {},
      "theme": "dark",
      "touchHold": false,
      "trigger": "mouseenter focus",
      "unmountHTMLWhenHide": false,
    },
    "ref": null,
    "rendered": Object {
      "instance": null,
      "key": undefined,
      "nodeType": "class",
      "props": Object {
        "alt": "pikachu",
        "className": "pokemons",
        "pokemon": "pikachu",
      },
      "ref": null,
      "rendered": null,
      "type": [Function],
    },
    "type": [Function],
  },
  Symbol(enzyme.__nodes__): Array [
    Object {
      "instance": null,
      "key": undefined,
      "nodeType": "class",
      "props": Object {
        "animateFill": true,
        "animation": "shift",
        "arrow": true,
        "arrowSize": "big",
        "children": <PokeSprite
          alt="pikachu"
          className="pokemons"
          pokemon="pikachu"
/>,
        "className": "",
        "delay": 0,
        "disabled": false,
        "distance": 10,
        "duration": 375,
        "followCursor": false,
        "hideDelay": 0,
        "hideDuration": 375,
        "hideOnClick": true,
        "html": <Info
          info={undefined}
/>,
        "inertia": false,
        "interactive": true,
        "interactiveBorder": 2,
        "multiple": false,
        "offset": 0,
        "onHidden": [Function],
        "onHide": [Function],
        "onRequestClose": [Function],
        "onShow": [Function],
        "onShown": [Function],
        "popperOptions": Object {},
        "position": "bottom",
        "size": "regular",
        "sticky": false,
        "stickyDuration": 200,
        "style": Object {},
        "theme": "dark",
        "touchHold": false,
        "trigger": "mouseenter focus",
        "unmountHTMLWhenHide": false,
      },
      "ref": null,
      "rendered": Object {
        "instance": null,
        "key": undefined,
        "nodeType": "class",
        "props": Object {
          "alt": "pikachu",
          "className": "pokemons",
          "pokemon": "pikachu",
        },
        "ref": null,
        "rendered": null,
        "type": [Function],
      },
      "type": [Function],
    },
  ],
  Symbol(enzyme.__options__): Object {
    "adapter": ReactSixteenAdapter {
      "options": Object {
        "enableComponentDidUpdateOnSetState": true,
        "lifecycles": Object {
          "componentDidUpdate": Object {
            "onSetState": true,
          },
          "getDerivedStateFromProps": true,
          "getSnapshotBeforeUpdate": true,
          "setState": Object {
            "skipsComponentDidUpdateOnNullish": true,
          },
        },
      },
    },
    "attachTo": undefined,
    "hydrateIn": undefined,
  },
}
`;
