// Jest Snapshot v1, https://goo.gl/fbAQLP

exports[`Stats component renders 1`] = `
ShallowWrapper {
  Symbol(enzyme.__root__): [Circular],
  Symbol(enzyme.__unrendered__): <Stats
    baseStats={
        Object {
            "baseStats": Object {
              "atk": 55,
              "def": 40,
              "hp": 35,
              "sp": 90,
              "spa": 50,
              "spd": 40,
            },
          }
    }
/>,
  Symbol(enzyme.__renderer__): Object {
    "batchedUpdates": [Function],
    "getNode": [Function],
    "render": [Function],
    "simulateError": [Function],
    "simulateEvent": [Function],
    "unmount": [Function],
  },
  Symbol(enzyme.__node__): Object {
    "instance": null,
    "key": undefined,
    "nodeType": "function",
    "props": Object {
      "children": Array [
        <div>
           Stats: 
</div>,
        <div
          className="PokemonSprite-row"
>
          <div
                    className="PokemonSprite-col"
          >
                    Hp: 
                     
          </div>
          <div
                    className="PokemonSprite-col"
          >
                    Atk: 
                     
          </div>
          <div
                    className="PokemonSprite-col"
          >
                    Def: 
                     
          </div>
</div>,
        <div
          className="PokemonSprite-row"
>
          <div
                    className="PokemonSprite-col"
          >
                     Sp.Atk: 
                     
          </div>
          <div
                    className="PokemonSprite-col"
          >
                     Sp.Def: 
                     
          </div>
          <div
                    className="PokemonSprite-col"
          >
                     Sp: 
                     
          </div>
</div>,
      ],
    },
    "ref": null,
    "rendered": Array [
      Object {
        "instance": null,
        "key": undefined,
        "nodeType": "host",
        "props": Object {
          "children": " Stats: ",
        },
        "ref": null,
        "rendered": " Stats: ",
        "type": "div",
      },
      Object {
        "instance": null,
        "key": undefined,
        "nodeType": "host",
        "props": Object {
          "children": Array [
            <div
              className="PokemonSprite-col"
>
              Hp: 
               
</div>,
            <div
              className="PokemonSprite-col"
>
              Atk: 
               
</div>,
            <div
              className="PokemonSprite-col"
>
              Def: 
               
</div>,
          ],
          "className": "PokemonSprite-row",
        },
        "ref": null,
        "rendered": Array [
          Object {
            "instance": null,
            "key": undefined,
            "nodeType": "host",
            "props": Object {
              "children": Array [
                "Hp: ",
                undefined,
                " ",
              ],
              "className": "PokemonSprite-col",
            },
            "ref": null,
            "rendered": Array [
              "Hp: ",
              undefined,
              " ",
            ],
            "type": "div",
          },
          Object {
            "instance": null,
            "key": undefined,
            "nodeType": "host",
            "props": Object {
              "children": Array [
                "Atk: ",
                undefined,
                " ",
              ],
              "className": "PokemonSprite-col",
            },
            "ref": null,
            "rendered": Array [
              "Atk: ",
              undefined,
              " ",
            ],
            "type": "div",
          },
          Object {
            "instance": null,
            "key": undefined,
            "nodeType": "host",
            "props": Object {
              "children": Array [
                "Def: ",
                undefined,
                " ",
              ],
              "className": "PokemonSprite-col",
            },
            "ref": null,
            "rendered": Array [
              "Def: ",
              undefined,
              " ",
            ],
            "type": "div",
          },
        ],
        "type": "div",
      },
      Object {
        "instance": null,
        "key": undefined,
        "nodeType": "host",
        "props": Object {
          "children": Array [
            <div
              className="PokemonSprite-col"
>
               Sp.Atk: 
               
</div>,
            <div
              className="PokemonSprite-col"
>
               Sp.Def: 
               
</div>,
            <div
              className="PokemonSprite-col"
>
               Sp: 
               
</div>,
          ],
          "className": "PokemonSprite-row",
        },
        "ref": null,
        "rendered": Array [
          Object {
            "instance": null,
            "key": undefined,
            "nodeType": "host",
            "props": Object {
              "children": Array [
                " Sp.Atk: ",
                undefined,
                " ",
              ],
              "className": "PokemonSprite-col",
            },
            "ref": null,
            "rendered": Array [
              " Sp.Atk: ",
              undefined,
              " ",
            ],
            "type": "div",
          },
          Object {
            "instance": null,
            "key": undefined,
            "nodeType": "host",
            "props": Object {
              "children": Array [
                " Sp.Def: ",
                undefined,
                " ",
              ],
              "className": "PokemonSprite-col",
            },
            "ref": null,
            "rendered": Array [
              " Sp.Def: ",
              undefined,
              " ",
            ],
            "type": "div",
          },
          Object {
            "instance": null,
            "key": undefined,
            "nodeType": "host",
            "props": Object {
              "children": Array [
                " Sp: ",
                undefined,
                " ",
              ],
              "className": "PokemonSprite-col",
            },
            "ref": null,
            "rendered": Array [
              " Sp: ",
              undefined,
              " ",
            ],
            "type": "div",
          },
        ],
        "type": "div",
      },
    ],
    "type": Symbol(react.fragment),
  },
  Symbol(enzyme.__nodes__): Array [
    Object {
      "instance": null,
      "key": undefined,
      "nodeType": "function",
      "props": Object {
        "children": Array [
          <div>
             Stats: 
</div>,
          <div
            className="PokemonSprite-row"
>
            <div
                        className="PokemonSprite-col"
            >
                        Hp: 
                         
            </div>
            <div
                        className="PokemonSprite-col"
            >
                        Atk: 
                         
            </div>
            <div
                        className="PokemonSprite-col"
            >
                        Def: 
                         
            </div>
</div>,
          <div
            className="PokemonSprite-row"
>
            <div
                        className="PokemonSprite-col"
            >
                         Sp.Atk: 
                         
            </div>
            <div
                        className="PokemonSprite-col"
            >
                         Sp.Def: 
                         
            </div>
            <div
                        className="PokemonSprite-col"
            >
                         Sp: 
                         
            </div>
</div>,
        ],
      },
      "ref": null,
      "rendered": Array [
        Object {
          "instance": null,
          "key": undefined,
          "nodeType": "host",
          "props": Object {
            "children": " Stats: ",
          },
          "ref": null,
          "rendered": " Stats: ",
          "type": "div",
        },
        Object {
          "instance": null,
          "key": undefined,
          "nodeType": "host",
          "props": Object {
            "children": Array [
              <div
                className="PokemonSprite-col"
>
                Hp: 
                 
</div>,
              <div
                className="PokemonSprite-col"
>
                Atk: 
                 
</div>,
              <div
                className="PokemonSprite-col"
>
                Def: 
                 
</div>,
            ],
            "className": "PokemonSprite-row",
          },
          "ref": null,
          "rendered": Array [
            Object {
              "instance": null,
              "key": undefined,
              "nodeType": "host",
              "props": Object {
                "children": Array [
                  "Hp: ",
                  undefined,
                  " ",
                ],
                "className": "PokemonSprite-col",
              },
              "ref": null,
              "rendered": Array [
                "Hp: ",
                undefined,
                " ",
              ],
              "type": "div",
            },
            Object {
              "instance": null,
              "key": undefined,
              "nodeType": "host",
              "props": Object {
                "children": Array [
                  "Atk: ",
                  undefined,
                  " ",
                ],
                "className": "PokemonSprite-col",
              },
              "ref": null,
              "rendered": Array [
                "Atk: ",
                undefined,
                " ",
              ],
              "type": "div",
            },
            Object {
              "instance": null,
              "key": undefined,
              "nodeType": "host",
              "props": Object {
                "children": Array [
                  "Def: ",
                  undefined,
                  " ",
                ],
                "className": "PokemonSprite-col",
              },
              "ref": null,
              "rendered": Array [
                "Def: ",
                undefined,
                " ",
              ],
              "type": "div",
            },
          ],
          "type": "div",
        },
        Object {
          "instance": null,
          "key": undefined,
          "nodeType": "host",
          "props": Object {
            "children": Array [
              <div
                className="PokemonSprite-col"
>
                 Sp.Atk: 
                 
</div>,
              <div
                className="PokemonSprite-col"
>
                 Sp.Def: 
                 
</div>,
              <div
                className="PokemonSprite-col"
>
                 Sp: 
                 
</div>,
            ],
            "className": "PokemonSprite-row",
          },
          "ref": null,
          "rendered": Array [
            Object {
              "instance": null,
              "key": undefined,
              "nodeType": "host",
              "props": Object {
                "children": Array [
                  " Sp.Atk: ",
                  undefined,
                  " ",
                ],
                "className": "PokemonSprite-col",
              },
              "ref": null,
              "rendered": Array [
                " Sp.Atk: ",
                undefined,
                " ",
              ],
              "type": "div",
            },
            Object {
              "instance": null,
              "key": undefined,
              "nodeType": "host",
              "props": Object {
                "children": Array [
                  " Sp.Def: ",
                  undefined,
                  " ",
                ],
                "className": "PokemonSprite-col",
              },
              "ref": null,
              "rendered": Array [
                " Sp.Def: ",
                undefined,
                " ",
              ],
              "type": "div",
            },
            Object {
              "instance": null,
              "key": undefined,
              "nodeType": "host",
              "props": Object {
                "children": Array [
                  " Sp: ",
                  undefined,
                  " ",
                ],
                "className": "PokemonSprite-col",
              },
              "ref": null,
              "rendered": Array [
                " Sp: ",
                undefined,
                " ",
              ],
              "type": "div",
            },
          ],
          "type": "div",
        },
      ],
      "type": Symbol(react.fragment),
    },
  ],
  Symbol(enzyme.__options__): Object {
    "adapter": ReactSixteenAdapter {
      "options": Object {
        "enableComponentDidUpdateOnSetState": true,
        "lifecycles": Object {
          "componentDidUpdate": Object {
            "onSetState": true,
          },
          "getDerivedStateFromProps": true,
          "getSnapshotBeforeUpdate": true,
          "setState": Object {
            "skipsComponentDidUpdateOnNullish": true,
          },
        },
      },
    },
    "attachTo": undefined,
    "hydrateIn": undefined,
  },
}
`;
